1803 variants
corpus: 1900 variants (main 1703, points 84, mesh 16, reference-renderer blocked 97)
=== grading (fail-closed, per-corpus tolerance policy) ===
[ ALLOWED_NEAR] classicNoisedeck__cellRefract__amount__mid mad=3.000 ssim=1.000000
[ ALLOWED_NEAR] classicNoisedeck__cellRefract__cellScale__mid mad=8.000 ssim=1.000000
[ ALLOWED_NEAR] classicNoisedeck__cellRefract__scale__mid mad=18.000 ssim=0.999997
[ ALLOWED_NEAR] classicNoisedeck__cellRefract__shape__circle mad=29.000 ssim=0.999997
[ ALLOWED_NEAR] classicNoisedeck__cellRefract__shape__hexagon mad=6.000 ssim=1.000000
[ ALLOWED_NEAR] classicNoisedeck__cellRefract__shape__octagon mad=11.000 ssim=0.999999
[ ALLOWED_NEAR] classicNoisedeck__cellRefract__shape__square mad=9.000 ssim=1.000000
[ ALLOWED_NEAR] classicNoisedeck__cellRefract__shape__triangle mad=22.000 ssim=0.999998
[ ALLOWED_NEAR] classicNoisedeck__cellRefract__speed__mid mad=4.000 ssim=1.000000
[ ALLOWED_NEAR] classicNoisedeck__coalesce__blendMode__hueBA mad=4.000 ssim=1.000000
[ ALLOWED_NEAR] classicNoisedeck__coalesce__blendMode__saturationBA mad=2.000 ssim=1.000000
[ ALLOWED_NEAR] classicNoisedeck__coalesce__refractAAmt__mid mad=6.000 ssim=1.000000
[ ALLOWED_NEAR] classicNoisedeck__coalesce__refractBAmt__mid mad=5.000 ssim=1.000000
[ ALLOWED_NEAR] classicNoisedeck__effects__effect__shadow mad=220.000 ssim=0.997362
[ ALLOWED_NEAR] classicNoisedeck__kaleido__direction__clockwise mad=30.000 ssim=0.999976
[ ALLOWED_NEAR] classicNoisedeck__kaleido__direction__counterclock mad=30.000 ssim=0.999977
[ ALLOWED_NEAR] classicNoisedeck__kaleido__loopOffset__decagon mad=16.000 ssim=0.999997
[ ALLOWED_NEAR] classicNoisedeck__kaleido__loopOffset__diamond mad=15.000 ssim=0.999991
[ ALLOWED_NEAR] classicNoisedeck__kaleido__loopOffset__dodecagon mad=15.000 ssim=0.999991
[ ALLOWED_NEAR] classicNoisedeck__kaleido__loopOffset__hendecagon mad=29.000 ssim=0.999978
[ ALLOWED_NEAR] classicNoisedeck__kaleido__loopOffset__heptagon mad=32.000 ssim=0.999982
[ ALLOWED_NEAR] classicNoisedeck__kaleido__loopOffset__hexagon mad=15.000 ssim=0.999993
[ ALLOWED_NEAR] classicNoisedeck__kaleido__loopOffset__horizontalScan mad=30.000 ssim=0.999991
[ ALLOWED_NEAR] classicNoisedeck__kaleido__loopOffset__noiseBSpline3x3 mad=55.000 ssim=0.997146
[ ALLOWED_NEAR] classicNoisedeck__kaleido__loopOffset__noiseBSpline4x4 mad=49.000 ssim=0.997517
[ ALLOWED_NEAR] classicNoisedeck__kaleido__loopOffset__noiseCatmullRom3x3 mad=55.000 ssim=0.996066
[ ALLOWED_NEAR] classicNoisedeck__kaleido__loopOffset__noiseCatmullRom4x4 mad=55.000 ssim=0.996131
[ ALLOWED_NEAR] classicNoisedeck__kaleido__loopOffset__noiseConstant mad=55.000 ssim=0.995542
[ ALLOWED_NEAR] classicNoisedeck__kaleido__loopOffset__noiseHermite mad=55.000 ssim=0.996551
[ ALLOWED_NEAR] classicNoisedeck__kaleido__loopOffset__noiseLinear mad=55.000 ssim=0.996798
[ ALLOWED_NEAR] classicNoisedeck__kaleido__loopOffset__noiseSimplex mad=39.000 ssim=0.999977
[ ALLOWED_NEAR] classicNoisedeck__kaleido__loopOffset__noiseSine mad=55.000 ssim=0.994786
[ ALLOWED_NEAR] classicNoisedeck__kaleido__loopOffset__nonagon mad=30.000 ssim=0.999986
[ ALLOWED_NEAR] classicNoisedeck__kaleido__loopOffset__octagon mad=22.000 ssim=0.999983
[ ALLOWED_NEAR] classicNoisedeck__kaleido__loopOffset__pentagon mad=34.000 ssim=0.999990
[ ALLOWED_NEAR] classicNoisedeck__kaleido__loopOffset__rings mad=34.000 ssim=0.999943
[ ALLOWED_NEAR] classicNoisedeck__kaleido__loopOffset__sine mad=31.000 ssim=0.999983
[ ALLOWED_NEAR] classicNoisedeck__kaleido__loopOffset__square mad=11.000 ssim=0.999996
[ ALLOWED_NEAR] classicNoisedeck__kaleido__loopOffset__triangle mad=25.000 ssim=0.999990
[ ALLOWED_NEAR] classicNoisedeck__kaleido__loopOffset__verticalScan mad=30.000 ssim=0.999992
[ ALLOWED_NEAR] classicNoisedeck__kaleido__loopScale__mid mad=17.000 ssim=0.999981
[ ALLOWED_NEAR] classicNoisedeck__kaleido__metric__diamond mad=20.000 ssim=0.999979
[ ALLOWED_NEAR] classicNoisedeck__kaleido__metric__hexagon mad=34.000 ssim=0.999978
[ ALLOWED_NEAR] classicNoisedeck__kaleido__metric__octagon mad=23.000 ssim=0.999973
[ ALLOWED_NEAR] classicNoisedeck__kaleido__metric__square mad=27.000 ssim=0.999971
[ ALLOWED_NEAR] classicNoisedeck__kaleido__metric__triangle mad=34.000 ssim=0.999979
[ ALLOWED_NEAR] classicNoisedeck__kaleido__sides__mid    mad=19.000 ssim=0.999985
[ ALLOWED_NEAR] classicNoisedeck__kaleido__speed__mid    mad=32.000 ssim=0.999971
[ ALLOWED_NEAR] classicNoisedeck__lensDistortion__mode__prismaticHsv mad=2.000 ssim=1.000000
[ ALLOWED_NEAR] classicNoisedeck__moodscape__hueRange__mid mad=175.000 ssim=0.999963
[ ALLOWED_NEAR] classicNoisedeck__moodscape__hueRotation__mid mad=6.000 ssim=1.000000
[ ALLOWED_NEAR] classicNoisedeck__noise3d__type__spheres mad=79.000 ssim=0.999982
[ ALLOWED_NEAR] classicNoisedeck__refract__amount__mid   mad=12.000 ssim=0.999999
[ ALLOWED_NEAR] classicNoisedeck__refract__blendMode__add mad=16.000 ssim=1.000000
[ ALLOWED_NEAR] classicNoisedeck__refract__blendMode__colorBurn mad=5.000 ssim=1.000000
[ ALLOWED_NEAR] classicNoisedeck__refract__blendMode__colorDodge mad=12.000 ssim=1.000000
[ ALLOWED_NEAR] classicNoisedeck__refract__blendMode__darken mad=16.000 ssim=0.999999
[ ALLOWED_NEAR] classicNoisedeck__refract__blendMode__difference mad=16.000 ssim=1.000000
[ ALLOWED_NEAR] classicNoisedeck__refract__blendMode__exclusion mad=5.000 ssim=1.000000
[ ALLOWED_NEAR] classicNoisedeck__refract__blendMode__glow mad=4.000 ssim=1.000000
[ ALLOWED_NEAR] classicNoisedeck__refract__blendMode__hardLight mad=12.000 ssim=1.000000
[ ALLOWED_NEAR] classicNoisedeck__refract__blendMode__lighten mad=4.000 ssim=1.000000
[ ALLOWED_NEAR] classicNoisedeck__refract__blendMode__multiply mad=7.000 ssim=1.000000
[ ALLOWED_NEAR] classicNoisedeck__refract__blendMode__negation mad=16.000 ssim=1.000000
[ ALLOWED_NEAR] classicNoisedeck__refract__blendMode__overlay mad=12.000 ssim=1.000000
[ ALLOWED_NEAR] classicNoisedeck__refract__blendMode__phoenix mad=16.000 ssim=1.000000
[ ALLOWED_NEAR] classicNoisedeck__refract__blendMode__reflect mad=15.000 ssim=1.000000
[ ALLOWED_NEAR] classicNoisedeck__refract__blendMode__screen mad=10.000 ssim=1.000000
[ ALLOWED_NEAR] classicNoisedeck__refract__blendMode__softLight mad=7.000 ssim=1.000000
[ ALLOWED_NEAR] classicNoisedeck__refract__blendMode__subtract mad=3.000 ssim=1.000000
[ ALLOWED_NEAR] classicNoisedeck__refract__direction__mid mad=5.000 ssim=1.000000
[ ALLOWED_NEAR] classicNoisedeck__refract__mix__mid      mad=16.000 ssim=1.000000
[ ALLOWED_NEAR] classicNoisedeck__refract__wrap__clamp   mad=5.000 ssim=1.000000
[ ALLOWED_NEAR] classicNoisedeck__refract__wrap__repeat  mad=7.000 ssim=1.000000
[ ALLOWED_NEAR] mixer__applyMode__mode__hue              mad=2.000 ssim=1.000000
[ ALLOWED_NEAR] mixer__cellSplit__seed__mid              mad=159.000 ssim=0.999971
[ ALLOWED_NEAR] mixer__distortion__antialias__true       mad=20.000 ssim=0.999999
[ ALLOWED_NEAR] mixer__distortion__intensity__mid        mad=38.000 ssim=0.999996
[ ALLOWED_NEAR] mixer__distortion__mapSource__sourceA    mad=10.000 ssim=0.999985
[ ALLOWED_NEAR] mixer__distortion__mode__reflect         mad=13.000 ssim=0.999999
[ ALLOWED_NEAR] mixer__distortion__smoothing__mid        mad=14.000 ssim=0.999999
[ ALLOWED_NEAR] mixer__distortion__wrap__clamp           mad=24.000 ssim=0.999999
[ ALLOWED_NEAR] mixer__distortion__wrap__repeat          mad=27.000 ssim=0.999999
[ ALLOWED_NEAR] mixer__uvRemap__scale__mid               mad=198.000 ssim=0.999981
[ ALLOWED_NEAR] render__loopBegin__alpha__mid            mad=10.000 ssim=0.999999
[ ALLOWED_NEAR] render__loopBegin__intensity__mid        mad=6.000 ssim=1.000000
[ ALLOWED_NEAR] render__pointsBillboardRender__shapeMode__texture mad=4.000 ssim=1.000000
[ ALLOWED_NEAR] render__render3d__orbitSpeed__mid        mad=52.000 ssim=0.999993
[ ALLOWED_NEAR] render__renderLit3d__orbitSpeed__mid     mad=2.000 ssim=1.000000

=== SUMMARY ===
total compared: 504
  PASS: 415
  ALLOWED_NEAR: 89
wrote parity/out/psp/report-strict.json
[         FAIL] filter__reverb__wrap__clamp              mad=93.000 ssim=0.812387
[ ALLOWED_NEAR] filter__bloom__intensity__mid            mad=2.000 ssim=0.999982
[ ALLOWED_NEAR] filter__bulge__antialias__false          mad=255.000 ssim=0.999970
[ ALLOWED_NEAR] filter__celShading__antialias__true      mad=4.000 ssim=1.000000
[ ALLOWED_NEAR] filter__chrome__detail__mid              mad=42.000 ssim=0.999997
[ ALLOWED_NEAR] filter__chrome__distortion__mid          mad=76.000 ssim=0.999992
[ ALLOWED_NEAR] filter__chrome__smoothness__mid          mad=87.000 ssim=0.999977
[ ALLOWED_NEAR] filter__convolutionFeedback__blurRadius__mid mad=8.000 ssim=0.999996
[ ALLOWED_NEAR] filter__convolutionFeedback__intensity__mid mad=2.000 ssim=0.999999
[ ALLOWED_NEAR] filter__convolutionFeedback__sharpenAmount__mid mad=3.000 ssim=0.999999
[ ALLOWED_NEAR] filter__convolutionFeedback__sharpenRadius__mid mad=7.000 ssim=0.999998
[ ALLOWED_NEAR] filter__corrupt__bits__mid               mad=2.000 ssim=1.000000
[ ALLOWED_NEAR] filter__craquelure__brightness__mid      mad=2.000 ssim=0.999998
[ ALLOWED_NEAR] filter__craquelure__depth__mid           mad=2.000 ssim=0.999996
[ ALLOWED_NEAR] filter__craquelure__seed__mid            mad=2.000 ssim=0.999996
[ ALLOWED_NEAR] filter__craquelure__spacing__mid         mad=3.000 ssim=0.999996
[ ALLOWED_NEAR] filter__crt__alpha__mid                  mad=48.000 ssim=0.999969
[ ALLOWED_NEAR] filter__crt__seed__mid                   mad=29.000 ssim=0.999984
[ ALLOWED_NEAR] filter__crt__speed__mid                  mad=28.000 ssim=0.999988
[ ALLOWED_NEAR] filter__degauss__direction__mid          mad=9.000 ssim=1.000000
[ ALLOWED_NEAR] filter__degauss__displacement__mid       mad=17.000 ssim=0.999999
[ ALLOWED_NEAR] filter__degauss__seed__mid               mad=251.000 ssim=0.999440
[ ALLOWED_NEAR] filter__degauss__speed__mid              mad=14.000 ssim=0.999999
[ ALLOWED_NEAR] filter__dither__levels__mid              mad=32.000 ssim=1.000000
[ ALLOWED_NEAR] filter__dither__palette__cgaPalette1     mad=255.000 ssim=0.999977
[ ALLOWED_NEAR] filter__dither__palette__dotMatrixGreen  mad=92.000 ssim=0.999981
[ ALLOWED_NEAR] filter__dither__palette__ega             mad=85.000 ssim=0.999977
[ ALLOWED_NEAR] filter__dither__type__dot                mad=85.000 ssim=0.999996
[ ALLOWED_NEAR] filter__dither__type__errorDiffusion     mad=85.000 ssim=0.999526
[ ALLOWED_NEAR] filter__edge__amount__mid                mad=15.000 ssim=0.999998
[ ALLOWED_NEAR] filter__edge__blend__add                 mad=7.000 ssim=0.999999
[ ALLOWED_NEAR] filter__edge__blend__darken              mad=6.000 ssim=0.999999
[ ALLOWED_NEAR] filter__edge__blend__difference          mad=6.000 ssim=0.999998
[ ALLOWED_NEAR] filter__edge__blend__dodge               mad=10.000 ssim=0.999999
[ ALLOWED_NEAR] filter__edge__blend__lighten             mad=6.000 ssim=1.000000
[ ALLOWED_NEAR] filter__edge__blend__multiply            mad=6.000 ssim=0.999999
[ ALLOWED_NEAR] filter__edge__blend__overlay             mad=6.000 ssim=1.000000
[ ALLOWED_NEAR] filter__edge__blend__screen              mad=3.000 ssim=1.000000
[ ALLOWED_NEAR] filter__edge__channel__luminance         mad=5.000 ssim=0.999999
[ ALLOWED_NEAR] filter__edge__invert__on                 mad=6.000 ssim=0.999999
[ ALLOWED_NEAR] filter__edge__kernel__fine               mad=2.000 ssim=0.999999
[ ALLOWED_NEAR] filter__edge__mix__mid                   mad=4.000 ssim=1.000000
[ ALLOWED_NEAR] filter__edge__size__kernel7x7            mad=13.000 ssim=0.999999
[ ALLOWED_NEAR] filter__edge__threshold__mid             mad=21.000 ssim=0.999998
[ ALLOWED_NEAR] filter__feedback__refractAAmt__mid       mad=247.000 ssim=0.987403
[ ALLOWED_NEAR] filter__grade__preset__neon              mad=7.000 ssim=1.000000
[ ALLOWED_NEAR] filter__grade__preset__posterize         mad=62.000 ssim=0.999989
[ ALLOWED_NEAR] filter__grade__preset__psychedelic       mad=5.000 ssim=1.000000
[ ALLOWED_NEAR] filter__grade__preset__solarize          mad=9.000 ssim=1.000000
[ ALLOWED_NEAR] filter__grade__preset__technicolor       mad=5.000 ssim=1.000000
[ ALLOWED_NEAR] filter__halftone__cyanAngle__mid         mad=55.000 ssim=0.999997
[ ALLOWED_NEAR] filter__halftone__magentaAngle__mid      mad=55.000 ssim=0.999997
[ ALLOWED_NEAR] filter__halftone__mode__mono             mad=55.000 ssim=0.999962
[ ALLOWED_NEAR] filter__halftone__sharpness__mid         mad=43.000 ssim=0.999990
[ ALLOWED_NEAR] filter__halftone__yellowAngle__mid       mad=55.000 ssim=0.999997
[ ALLOWED_NEAR] filter__hatch__balance__mid              mad=220.000 ssim=0.999780
[ ALLOWED_NEAR] filter__hatch__direction__horizontal     mad=220.000 ssim=0.999969
[ ALLOWED_NEAR] filter__hatch__direction__leftDiag       mad=220.000 ssim=0.999937
[ ALLOWED_NEAR] filter__hatch__direction__vertical       mad=220.000 ssim=0.999875
[ ALLOWED_NEAR] filter__hatch__mode__chalkCharcoal       mad=110.000 ssim=0.999954
[ ALLOWED_NEAR] filter__hatch__mode__charcoal            mad=170.000 ssim=0.999950
[ ALLOWED_NEAR] filter__hatch__mode__coloredPencil       mad=238.000 ssim=0.998803
[ ALLOWED_NEAR] filter__hatch__mode__conte               mad=41.000 ssim=0.999925
[ ALLOWED_NEAR] filter__hatch__pressure__mid             mad=220.000 ssim=0.999905
[ ALLOWED_NEAR] filter__hatch__strokeLength__mid         mad=220.000 ssim=0.999937
[ ALLOWED_NEAR] filter__historicPalette__offset__mid     mad=232.000 ssim=0.999961
[ ALLOWED_NEAR] filter__historicPalette__repeat__mid     mad=232.000 ssim=0.999931
[ ALLOWED_NEAR] filter__historicPalette__smoothness__mid mad=2.000 ssim=1.000000
[ ALLOWED_NEAR] filter__lensWarp__displacement__mid      mad=7.000 ssim=1.000000
[ ALLOWED_NEAR] filter__lighting__reflection__mid        mad=26.000 ssim=0.999989
[ ALLOWED_NEAR] filter__lighting__refraction__mid        mad=32.000 ssim=0.999986
[ ALLOWED_NEAR] filter__lighting__specularIntensity__mid mad=2.000 ssim=1.000000
[ ALLOWED_NEAR] filter__median__radius__mid              mad=60.000 ssim=0.999991
[ ALLOWED_NEAR] filter__mosaicTiles__groutWidth__mid     mad=51.000 ssim=0.999995
[ ALLOWED_NEAR] filter__mosaicTiles__relief__mid         mad=51.000 ssim=0.999997
[ ALLOWED_NEAR] filter__mosaicTiles__seed__mid           mad=75.000 ssim=0.999999
[ ALLOWED_NEAR] filter__octaveWarp__antialias__false     mad=41.000 ssim=0.999998
[ ALLOWED_NEAR] filter__octaveWarp__displacement__mid    mad=10.000 ssim=0.999999
[ ALLOWED_NEAR] filter__octaveWarp__freq__mid            mad=9.000 ssim=1.000000
[ ALLOWED_NEAR] filter__octaveWarp__octaves__mid         mad=9.000 ssim=1.000000
[ ALLOWED_NEAR] filter__octaveWarp__seed__mid            mad=7.000 ssim=1.000000
[ ALLOWED_NEAR] filter__octaveWarp__speed__mid           mad=11.000 ssim=1.000000
[ ALLOWED_NEAR] filter__octaveWarp__wrap__clamp          mad=17.000 ssim=1.000000
[ ALLOWED_NEAR] filter__octaveWarp__wrap__repeat         mad=17.000 ssim=1.000000
[ ALLOWED_NEAR] filter__oilPaint__detail__mid            mad=205.000 ssim=0.999952
[ ALLOWED_NEAR] filter__oilPaint__mode__dryBrush         mad=73.000 ssim=0.999988
[ ALLOWED_NEAR] filter__oilPaint__mode__facet            mad=64.000 ssim=0.999991
[ ALLOWED_NEAR] filter__oilPaint__mode__fresco           mad=80.000 ssim=0.999987
[ ALLOWED_NEAR] filter__oilPaint__mode__knife            mad=48.000 ssim=0.999998
[ ALLOWED_NEAR] filter__oilPaint__mode__sponge           mad=77.000 ssim=0.999996
[ ALLOWED_NEAR] filter__oilPaint__size__mid              mad=177.000 ssim=0.999955
[ ALLOWED_NEAR] filter__oilPaint__texture__mid           mad=159.000 ssim=0.999977
[ ALLOWED_NEAR] filter__palette__repeat__mid             mad=2.000 ssim=1.000000
[ ALLOWED_NEAR] filter__parallax__pivot__mid             mad=20.000 ssim=0.999999
[ ALLOWED_NEAR] filter__photocopy__darkness__mid         mad=7.000 ssim=0.999999
[ ALLOWED_NEAR] filter__photocopy__detail__mid           mad=9.000 ssim=0.999999
[ ALLOWED_NEAR] filter__pinch__rotation__mid             mad=7.000 ssim=1.000000
[ ALLOWED_NEAR] filter__pinch__strength__mid             mad=7.000 ssim=1.000000
[ ALLOWED_NEAR] filter__pinch__wrap__repeat              mad=4.000 ssim=1.000000
[ ALLOWED_NEAR] filter__pixelSort__angled__mid           mad=111.000 ssim=0.999886
[ ALLOWED_NEAR] filter__plasticWrap__detail__mid         mad=21.000 ssim=0.999994
[ ALLOWED_NEAR] filter__plasticWrap__highlight__mid      mad=16.000 ssim=0.999997
[ ALLOWED_NEAR] filter__plasticWrap__smoothness__mid     mad=19.000 ssim=0.999996
[ ALLOWED_NEAR] filter__polar__antialias__false          mad=66.000 ssim=0.999880
[ ALLOWED_NEAR] filter__polar__rotation__mid             mad=18.000 ssim=0.999997
[ ALLOWED_NEAR] filter__polar__scale__mid                mad=15.000 ssim=0.999999
[ ALLOWED_NEAR] filter__polar__speed__mid                mad=7.000 ssim=0.999999
[ ALLOWED_NEAR] filter__pondRipples__amount__mid         mad=5.000 ssim=1.000000
[ ALLOWED_NEAR] filter__pondRipples__antialias__false    mad=17.000 ssim=1.000000
[ ALLOWED_NEAR] filter__pondRipples__ridges__mid         mad=9.000 ssim=1.000000
[ ALLOWED_NEAR] filter__pondRipples__speed__mid          mad=9.000 ssim=1.000000
[ ALLOWED_NEAR] filter__pondRipples__style__aroundCenter mad=8.000 ssim=1.000000
[ ALLOWED_NEAR] filter__pondRipples__style__outFromCenter mad=4.000 ssim=1.000000
[ ALLOWED_NEAR] filter__pondRipples__wrap__repeat        mad=7.000 ssim=1.000000
[ ALLOWED_NEAR] filter__posterize__antialias__false      mad=28.000 ssim=1.000000
[ ALLOWED_NEAR] filter__posterize__gamma__mid            mad=3.000 ssim=1.000000
[ ALLOWED_NEAR] filter__posterize__levels__mid           mad=5.000 ssim=1.000000
[ ALLOWED_NEAR] filter__reindex__displacement__mid       mad=155.000 ssim=0.999982
[ ALLOWED_NEAR] filter__relief__detail__mid              mad=6.000 ssim=0.999998
[ ALLOWED_NEAR] filter__relief__lightAngle__mid          mad=4.000 ssim=0.999997
[ ALLOWED_NEAR] filter__relief__mode__notePaper          mad=4.000 ssim=1.000000
[ ALLOWED_NEAR] filter__relief__mode__plaster            mad=14.000 ssim=0.999998
[ ALLOWED_NEAR] filter__relief__smoothness__mid          mad=3.000 ssim=0.999998
[ ALLOWED_NEAR] filter__rotate__speed__mid               mad=25.000 ssim=0.999988
[ ALLOWED_NEAR] filter__rotate__wrap__clamp              mad=25.000 ssim=0.999995
[ ALLOWED_NEAR] filter__rotate__wrap__mirror             mad=34.000 ssim=0.999977
[ ALLOWED_NEAR] filter__scanlineError__distortion__mid   mad=235.000 ssim=0.999486
[ ALLOWED_NEAR] filter__scanlineError__noise__mid        mad=255.000 ssim=0.999450
[ ALLOWED_NEAR] filter__scanlineError__speed__mid        mad=249.000 ssim=0.998887
[ ALLOWED_NEAR] filter__scanlineError__timeOffset__mid   mad=222.000 ssim=0.999337
[ ALLOWED_NEAR] filter__scatter__mode__anisotropic       mad=34.000 ssim=0.999991
[ ALLOWED_NEAR] filter__snow__alpha__mid                 mad=138.000 ssim=0.986101
[ ALLOWED_NEAR] filter__snow__density__mid               mad=58.000 ssim=0.991803
[ ALLOWED_NEAR] filter__snow__pause__true                mad=127.000 ssim=0.981356
[ ALLOWED_NEAR] filter__spiral__antialias__false         mad=45.000 ssim=0.999989
[ ALLOWED_NEAR] filter__spiral__rotation__mid            mad=15.000 ssim=0.999996
[ ALLOWED_NEAR] filter__spiral__speed__mid               mad=15.000 ssim=0.999996
[ ALLOWED_NEAR] filter__spiral__wrap__clamp              mad=15.000 ssim=0.999997
[ ALLOWED_NEAR] filter__spiral__wrap__repeat             mad=15.000 ssim=0.999997
[ ALLOWED_NEAR] filter__stamp__roughness__mid            mad=9.000 ssim=1.000000
[ ALLOWED_NEAR] filter__stamp__smoothness__mid           mad=2.000 ssim=1.000000
[ ALLOWED_NEAR] filter__step__threshold__mid             mad=18.000 ssim=0.999993
[ ALLOWED_NEAR] filter__strokes__balance__mid            mad=2.000 ssim=1.000000
[ ALLOWED_NEAR] filter__strokes__length__mid             mad=2.000 ssim=1.000000
[ ALLOWED_NEAR] filter__strokes__mode__dark              mad=2.000 ssim=1.000000
[ ALLOWED_NEAR] filter__strokes__mode__smudge            mad=54.000 ssim=0.999930
[ ALLOWED_NEAR] filter__strokes__mode__sprayed           mad=2.000 ssim=1.000000
[ ALLOWED_NEAR] filter__strokes__mode__sumiE             mad=2.000 ssim=1.000000
[ ALLOWED_NEAR] filter__strokes__sharpness__mid          mad=3.000 ssim=1.000000
[ ALLOWED_NEAR] filter__tetraColorArray__alpha__mid      mad=127.000 ssim=0.999974
[ ALLOWED_NEAR] filter__tetraColorArray__offset__mid     mad=212.000 ssim=0.999981
[ ALLOWED_NEAR] filter__tetraColorArray__positionMode__manual mad=255.000 ssim=1.000000
[ ALLOWED_NEAR] filter__tetraColorArray__repeat__mid     mad=255.000 ssim=0.999947
[ ALLOWED_NEAR] filter__tetraColorArray__rotation__back  mad=255.000 ssim=1.000000
[ ALLOWED_NEAR] filter__tetraColorArray__rotation__fwd   mad=128.000 ssim=0.999985
[ ALLOWED_NEAR] filter__tetraColorArray__smoothness__mid mad=2.000 ssim=1.000000
[ ALLOWED_NEAR] filter__tetraCosine__repeat__mid         mad=2.000 ssim=0.999996
[ ALLOWED_NEAR] filter__tile__angle__mid                 mad=48.000 ssim=0.999709
[ ALLOWED_NEAR] filter__tile__symmetry__rotate2          mad=74.000 ssim=0.989595
[ ALLOWED_NEAR] filter__tile__symmetry__rotate4          mad=62.000 ssim=0.990361
[ ALLOWED_NEAR] filter__tile__symmetry__rotate6          mad=59.000 ssim=0.998175
[ ALLOWED_NEAR] filter__tunnel__antialias__false         mad=34.000 ssim=0.999978
[ ALLOWED_NEAR] filter__tunnel__center__mid              mad=13.000 ssim=0.999996
[ ALLOWED_NEAR] filter__tunnel__rotation__mid            mad=13.000 ssim=0.999997
[ ALLOWED_NEAR] filter__tunnel__scale__mid               mad=7.000 ssim=0.999999
[ ALLOWED_NEAR] filter__tunnel__shape__hexagon           mad=13.000 ssim=0.999995
[ ALLOWED_NEAR] filter__tunnel__shape__octagon           mad=14.000 ssim=0.999997
[ ALLOWED_NEAR] filter__tunnel__shape__roundedRect       mad=10.000 ssim=0.999998
[ ALLOWED_NEAR] filter__tunnel__shape__square            mad=14.000 ssim=0.999988
[ ALLOWED_NEAR] filter__tunnel__shape__triangle          mad=13.000 ssim=0.999993
[ ALLOWED_NEAR] filter__tunnel__speed__mid               mad=8.000 ssim=0.999999
[ ALLOWED_NEAR] filter__unsharpMask__amount__mid         mad=4.000 ssim=1.000000
[ ALLOWED_NEAR] filter__unsharpMask__radius__mid         mad=3.000 ssim=1.000000
[ ALLOWED_NEAR] filter__warp__antialias__false           mad=19.000 ssim=1.000000
[ ALLOWED_NEAR] filter__warp__scale__mid                 mad=6.000 ssim=1.000000
[ ALLOWED_NEAR] filter__warp__seed__mid                  mad=4.000 ssim=1.000000
[ ALLOWED_NEAR] filter__warp__speed__mid                 mad=4.000 ssim=1.000000
[ ALLOWED_NEAR] filter__warp__strength__mid              mad=6.000 ssim=1.000000
[ ALLOWED_NEAR] filter__warp__wrap__clamp                mad=3.000 ssim=1.000000
[ ALLOWED_NEAR] filter__warp__wrap__repeat               mad=5.000 ssim=1.000000
[ ALLOWED_NEAR] filter__waves__rotation__mid             mad=2.000 ssim=1.000000
[ ALLOWED_NEAR] filter__waves__strength__mid             mad=9.000 ssim=0.999998
[ ALLOWED_NEAR] filter__wind__method__stagger            mad=2.000 ssim=1.000000
[ ALLOWED_NEAR] filter__wind__threshold__mid             mad=2.000 ssim=1.000000
[ ALLOWED_NEAR] filter__wormhole__alpha__mid             mad=99.000 ssim=0.997123
[ ALLOWED_NEAR] filter__wormhole__kink__mid              mad=202.000 ssim=0.993682
[ ALLOWED_NEAR] filter__wormhole__rotation__mid          mad=245.000 ssim=0.995705
[ ALLOWED_NEAR] filter__wormhole__stride__mid            mad=200.000 ssim=0.994283
[ ALLOWED_NEAR] filter__wormhole__wrap__clamp            mad=22.000 ssim=0.999997
[ ALLOWED_NEAR] filter__wormhole__wrap__mirror           mad=198.000 ssim=0.996292

=== SUMMARY ===
total compared: 627
  PASS: 437
  ALLOWED_NEAR: 189
  FAIL: 1
wrote parity/out/psp/report-filter.json
(filter group exit 1)
[         FAIL] synth__shape__loopAOffset__noiseBSpline3x3 mad=119.000 ssim=0.621165
[         FAIL] synth__shape__loopAOffset__noiseBSpline4x4 mad=113.000 ssim=0.659553
[         FAIL] synth__shape__loopAOffset__noiseCatmullRom3x3 mad=128.000 ssim=0.513865
[         FAIL] synth__shape__loopAOffset__noiseCatmullRom4x4 mad=128.000 ssim=0.524626
[         FAIL] synth__shape__loopAOffset__noiseConstant mad=128.000 ssim=0.463362
[         FAIL] synth__shape__loopAOffset__noiseHermite  mad=128.000 ssim=0.561389
[         FAIL] synth__shape__loopAOffset__noiseLinear   mad=128.000 ssim=0.565273
[         FAIL] synth__shape__loopAOffset__noiseSine     mad=128.000 ssim=0.583431
[         FAIL] synth__shape__loopBOffset__noiseBSpline3x3 mad=119.000 ssim=0.569579
[         FAIL] synth__shape__loopBOffset__noiseBSpline4x4 mad=113.000 ssim=0.665345
[         FAIL] synth__shape__loopBOffset__noiseCatmullRom3x3 mad=128.000 ssim=0.580239
[         FAIL] synth__shape__loopBOffset__noiseCatmullRom4x4 mad=128.000 ssim=0.585482
[         FAIL] synth__shape__loopBOffset__noiseConstant mad=128.000 ssim=0.450694
[         FAIL] synth__shape__loopBOffset__noiseHermite  mad=128.000 ssim=0.642561
[         FAIL] synth__shape__loopBOffset__noiseLinear   mad=128.000 ssim=0.634405
[         FAIL] synth__shape__loopBOffset__noiseSine     mad=128.000 ssim=0.471870
[ ALLOWED_NEAR] synth__cellularAutomata__smoothing__catmullRom3x3 mad=62.000 ssim=0.987576
[ ALLOWED_NEAR] synth__julia__invert__true               mad=251.000 ssim=0.999254
[ ALLOWED_NEAR] synth__julia__iterations__mid            mad=34.000 ssim=0.999979
[ ALLOWED_NEAR] synth__julia__outputMode__normalMap      mad=240.000 ssim=0.993377
[ ALLOWED_NEAR] synth__julia__outputMode__smoothIteration mad=251.000 ssim=0.989795
[ ALLOWED_NEAR] synth__julia__outputMode__stripeAverage  mad=203.000 ssim=0.997253
[ ALLOWED_NEAR] synth__julia__poi__dragonCurve           mad=255.000 ssim=0.977910
[ ALLOWED_NEAR] synth__julia__poi__galaxy                mad=252.000 ssim=0.985205
[ ALLOWED_NEAR] synth__julia__poi__lightning             mad=223.000 ssim=0.998044
[ ALLOWED_NEAR] synth__julia__poi__siegel                mad=236.000 ssim=0.998554
[ ALLOWED_NEAR] synth__julia__poi__starfish              mad=28.000 ssim=0.999997
[ ALLOWED_NEAR] synth__julia__rotation__mid              mad=246.000 ssim=0.998787
[ ALLOWED_NEAR] synth__julia__trapShape__circle          mad=255.000 ssim=0.998914
[ ALLOWED_NEAR] synth__julia__trapShape__cross           mad=255.000 ssim=0.998172
[ ALLOWED_NEAR] synth__mandelbrot__centerX__mid          mad=252.000 ssim=0.923514
[ ALLOWED_NEAR] synth__mandelbrot__invert__true          mad=225.000 ssim=0.929480
[ ALLOWED_NEAR] synth__mandelbrot__outputMode__normalMap mad=90.000 ssim=0.999374
[ ALLOWED_NEAR] synth__mandelbrot__outputMode__orbitTrap mad=252.000 ssim=0.998055
[ ALLOWED_NEAR] synth__mandelbrot__outputMode__stripeAverage mad=163.000 ssim=0.999011
[ ALLOWED_NEAR] synth__mandelbrot__poi__birdOfParadise   mad=246.000 ssim=0.946020
[ ALLOWED_NEAR] synth__mandelbrot__poi__doubleSpiral     mad=252.000 ssim=0.907779
[ ALLOWED_NEAR] synth__mandelbrot__poi__elephantValley   mad=247.000 ssim=0.952328
[ ALLOWED_NEAR] synth__mandelbrot__poi__feigenbaum       mad=242.000 ssim=0.943445
[ ALLOWED_NEAR] synth__mandelbrot__poi__miniBrot         mad=241.000 ssim=0.949039
[ ALLOWED_NEAR] synth__mandelbrot__poi__scepterValley    mad=251.000 ssim=0.928822
[ ALLOWED_NEAR] synth__mandelbrot__poi__seahorseValley   mad=253.000 ssim=0.939536
[ ALLOWED_NEAR] synth__mandelbrot__poi__spiralGalaxy     mad=250.000 ssim=0.921164
[ ALLOWED_NEAR] synth__mandelbrot__rotation__mid         mad=246.000 ssim=0.933518
[ ALLOWED_NEAR] synth__mnca__smoothing__catmullRom3x3    mad=61.000 ssim=0.988156
[ ALLOWED_NEAR] synth__newton__centerX__mid              mad=245.000 ssim=0.996272
[ ALLOWED_NEAR] synth__newton__centerY__mid              mad=245.000 ssim=0.992494
[ ALLOWED_NEAR] synth__newton__invert__true              mad=252.000 ssim=0.998435
[ ALLOWED_NEAR] synth__newton__iterations__mid           mad=215.000 ssim=0.998627
[ ALLOWED_NEAR] synth__newton__outputMode__iteration     mad=204.000 ssim=0.997518
[ ALLOWED_NEAR] synth__newton__outputMode__rootIndex     mad=212.000 ssim=0.998516
[ ALLOWED_NEAR] synth__newton__poi__manual               mad=167.000 ssim=0.999946
[ ALLOWED_NEAR] synth__newton__poi__octoFlower8          mad=253.000 ssim=0.996496
[ ALLOWED_NEAR] synth__newton__poi__pentaSpiral5         mad=209.000 ssim=0.998041
[ ALLOWED_NEAR] synth__newton__poi__spiralJunction3      mad=170.000 ssim=0.999935
[ ALLOWED_NEAR] synth__newton__poi__starCenter5          mad=223.000 ssim=0.998683
[ ALLOWED_NEAR] synth__newton__poi__triplePoint3         mad=167.000 ssim=0.999946
[ ALLOWED_NEAR] synth__newton__relaxation__mid           mad=251.000 ssim=0.994129
[ ALLOWED_NEAR] synth__newton__rotation__mid             mad=225.000 ssim=0.997594
[ ALLOWED_NEAR] synth__reactionDiffusion__sourceF__blue  mad=4.000 ssim=0.999994
[ ALLOWED_NEAR] synth__reactionDiffusion__sourceF__brightness mad=15.000 ssim=0.999972
[ ALLOWED_NEAR] synth__reactionDiffusion__sourceF__darkness mad=14.000 ssim=0.999969
[ ALLOWED_NEAR] synth__reactionDiffusion__sourceF__green mad=17.000 ssim=0.999964
[ ALLOWED_NEAR] synth__reactionDiffusion__sourceF__red   mad=7.000 ssim=0.999990
[ ALLOWED_NEAR] synth__reactionDiffusion__sourceK__blue  mad=3.000 ssim=0.999998
[ ALLOWED_NEAR] synth__reactionDiffusion__sourceK__brightness mad=5.000 ssim=0.999997
[ ALLOWED_NEAR] synth__reactionDiffusion__sourceK__darkness mad=5.000 ssim=0.999997
[ ALLOWED_NEAR] synth__reactionDiffusion__sourceK__green mad=6.000 ssim=0.999995
[ ALLOWED_NEAR] synth__reactionDiffusion__sourceK__red   mad=3.000 ssim=0.999998
[ ALLOWED_NEAR] synth__reactionDiffusion__sourceR1__blue mad=3.000 ssim=0.999996
[ ALLOWED_NEAR] synth__reactionDiffusion__sourceR1__darkness mad=4.000 ssim=0.999996
[ ALLOWED_NEAR] synth__reactionDiffusion__sourceR2__blue mad=4.000 ssim=0.999991
[ ALLOWED_NEAR] synth__reactionDiffusion__sourceR2__brightness mad=2.000 ssim=0.999994
[ ALLOWED_NEAR] synth__reactionDiffusion__sourceR2__darkness mad=5.000 ssim=0.999966
[ ALLOWED_NEAR] synth__reactionDiffusion__sourceR2__green mad=3.000 ssim=0.999989
[ ALLOWED_NEAR] synth__reactionDiffusion__zoom__x4       mad=172.000 ssim=0.986978
[ ALLOWED_NEAR] synth__testPattern__pattern__gridLines   mad=73.000 ssim=0.934033

=== SUMMARY ===
total compared: 468
  PASS: 391
  ALLOWED_NEAR: 61
  FAIL: 16
wrote parity/out/psp/report-synth.json
(synth group exit 1)
[         FAIL] synth3d__cell3d__seed__mid               mad=216.000 ssim=0.902489
[ ALLOWED_NEAR] filter3d__palette3d__offset__mid         mad=3.000 ssim=1.000000
[ ALLOWED_NEAR] synth3d__cell3d__colorMode__mono         mad=63.000 ssim=0.999992
[ ALLOWED_NEAR] synth3d__cell3d__variation__mid          mad=8.000 ssim=1.000000
[ ALLOWED_NEAR] synth3d__cell3d__volumeSize__x16         mad=50.000 ssim=0.999995
[ ALLOWED_NEAR] synth3d__cellularAutomata3d__ruleIndex__rule678 mad=165.000 ssim=0.998285
[ ALLOWED_NEAR] synth3d__flythrough3d__bailout__mid      mad=189.000 ssim=0.993898
[ ALLOWED_NEAR] synth3d__flythrough3d__iterations__mid   mad=189.000 ssim=0.991557
[ ALLOWED_NEAR] synth3d__flythrough3d__power__mid        mad=165.000 ssim=0.995882
[ ALLOWED_NEAR] synth3d__flythrough3d__seed__mid         mad=189.000 ssim=0.994371
[ ALLOWED_NEAR] synth3d__flythrough3d__speed__mid        mad=183.000 ssim=0.995097
[ ALLOWED_NEAR] synth3d__flythrough3d__voiSize__mid      mad=160.000 ssim=0.996468
[ ALLOWED_NEAR] synth3d__flythrough3d__volumeSize__x128  mad=191.000 ssim=0.990093
[ ALLOWED_NEAR] synth3d__flythrough3d__volumeSize__x16   mad=156.000 ssim=0.997963
[ ALLOWED_NEAR] synth3d__flythrough3d__volumeSize__x32   mad=178.000 ssim=0.998008
[ ALLOWED_NEAR] synth3d__fractal3d__bailout__mid         mad=147.000 ssim=0.999841
[ ALLOWED_NEAR] synth3d__fractal3d__colorMode__iteration mad=164.000 ssim=0.999815
[ ALLOWED_NEAR] synth3d__fractal3d__colorMode__orbitTrap mad=164.000 ssim=0.999815
[ ALLOWED_NEAR] synth3d__fractal3d__iterations__mid      mad=169.000 ssim=0.999480
[ ALLOWED_NEAR] synth3d__fractal3d__power__mid           mad=70.000 ssim=0.999896
[ ALLOWED_NEAR] synth3d__fractal3d__volumeSize__x128     mad=164.000 ssim=0.999213
[ ALLOWED_NEAR] synth3d__fractal3d__volumeSize__x16      mad=58.000 ssim=0.999978
[ ALLOWED_NEAR] synth3d__fractal3d__volumeSize__x32      mad=159.000 ssim=0.999800
[ ALLOWED_NEAR] synth3d__noise3d__scale__mid             mad=69.000 ssim=0.999990
[ ALLOWED_NEAR] synth3d__reactionDiffusion3d__volumeSize__x128 mad=5.000 ssim=1.000000
[ ALLOWED_NEAR] synth3d__shape3d__loopAOffset__tetrahedron mad=7.000 ssim=1.000000

=== SUMMARY ===
total compared: 120
  PASS: 94
  ALLOWED_NEAR: 25
  FAIL: 1
wrote parity/out/psp/report-3d.json
(3d group exit 1)
[ ALLOWED_NEAR] points__attractor__attractor__aizawa     mad=237.000 ssim=0.999919
[ ALLOWED_NEAR] points__attractor__attractor__chen       mad=97.000 ssim=0.999967
[ ALLOWED_NEAR] points__attractor__attractor__dadras     mad=179.000 ssim=0.999975
[ ALLOWED_NEAR] points__buddhabrot__centerX__mid         mad=90.000 ssim=0.999793
[ ALLOWED_NEAR] points__buddhabrot__centerY__mid         mad=72.000 ssim=0.999940
[ ALLOWED_NEAR] points__buddhabrot__maxIter__mid         mad=73.000 ssim=0.999727
[ ALLOWED_NEAR] points__buddhabrot__mode__anti           mad=42.000 ssim=0.999937
[ ALLOWED_NEAR] points__buddhabrot__stateSize__plus1     mad=73.000 ssim=0.999804
[ ALLOWED_NEAR] points__buddhabrot__zoom__mid            mad=72.000 ssim=0.995769
[ ALLOWED_NEAR] points__dla__anchorDensity__mid          mad=2.000 ssim=1.000000
[ ALLOWED_NEAR] points__dla__attrition__mid              mad=8.000 ssim=1.000000
[ ALLOWED_NEAR] points__dla__inputWeight__mid            mad=240.000 ssim=0.995803
[ ALLOWED_NEAR] points__dla__matteOpacity__mid           mad=2.000 ssim=1.000000
[ ALLOWED_NEAR] points__dla__stateSize__plus1            mad=2.000 ssim=1.000000
[ ALLOWED_NEAR] points__flock__alignment__mid            mad=252.000 ssim=0.721293
[ ALLOWED_NEAR] points__flock__boundaryMode__softWall    mad=252.000 ssim=0.769571
[ ALLOWED_NEAR] points__flock__cohesion__mid             mad=246.000 ssim=0.984604
[ ALLOWED_NEAR] points__flock__maxForce__mid             mad=252.000 ssim=0.345707
[ ALLOWED_NEAR] points__flock__maxSpeed__mid             mad=253.000 ssim=0.685273
[ ALLOWED_NEAR] points__flock__noiseWeight__mid          mad=253.000 ssim=0.493453
[ ALLOWED_NEAR] points__flock__perceptionRadius__mid     mad=252.000 ssim=0.708193
[ ALLOWED_NEAR] points__flock__separationRadius__mid     mad=253.000 ssim=0.277069
[ ALLOWED_NEAR] points__flock__separation__mid           mad=253.000 ssim=0.355022
[ ALLOWED_NEAR] points__flock__wallMargin__mid           mad=253.000 ssim=0.561808
[ ALLOWED_NEAR] points__flow__behavior__chaotic          mad=14.000 ssim=1.000000
[ ALLOWED_NEAR] points__flow__behavior__crosshatch       mad=185.000 ssim=0.999948
[ ALLOWED_NEAR] points__flow__behavior__meandering       mad=88.000 ssim=0.999996
[ ALLOWED_NEAR] points__flow__behavior__none             mad=115.000 ssim=0.999991
[ ALLOWED_NEAR] points__flow__behavior__randomMix        mad=213.000 ssim=0.999974
[ ALLOWED_NEAR] points__flow__behavior__unruly           mad=20.000 ssim=1.000000
[ ALLOWED_NEAR] points__flow__inputWeight__mid           mad=11.000 ssim=1.000000
[ ALLOWED_NEAR] points__flow__kink__mid                  mad=163.000 ssim=0.999933
[ ALLOWED_NEAR] points__flow__stateSize__plus1           mad=105.000 ssim=0.999987
[ ALLOWED_NEAR] points__flow__strideDeviation__mid       mad=125.000 ssim=0.999986
[ ALLOWED_NEAR] points__flow__stride__mid                mad=230.000 ssim=0.998443
[ ALLOWED_NEAR] points__hydraulic__inputWeight__mid      mad=186.000 ssim=0.999942
[ ALLOWED_NEAR] points__hydraulic__inverse__true         mad=161.000 ssim=0.999915
[ ALLOWED_NEAR] points__hydraulic__stride__mid           mad=252.000 ssim=0.801032
[ ALLOWED_NEAR] points__lenia__depositAmount__mid        mad=253.000 ssim=0.485845
[ ALLOWED_NEAR] points__lenia__dt__mid                   mad=253.000 ssim=0.270607
[ ALLOWED_NEAR] points__lenia__muG__mid                  mad=253.000 ssim=0.498392
[ ALLOWED_NEAR] points__lenia__muK__mid                  mad=252.000 ssim=0.623770
[ ALLOWED_NEAR] points__lenia__repulsion__mid            mad=252.000 ssim=0.430468
[ ALLOWED_NEAR] points__lenia__searchRadius__mid         mad=252.000 ssim=0.308239
[ ALLOWED_NEAR] points__lenia__sigmaG__mid               mad=253.000 ssim=0.498910
[ ALLOWED_NEAR] points__lenia__sigmaK__mid               mad=252.000 ssim=0.383177
[ ALLOWED_NEAR] points__life__attractionScale__mid       mad=243.000 ssim=0.996410
[ ALLOWED_NEAR] points__life__boundaryMode__bounce       mad=247.000 ssim=0.992233
[ ALLOWED_NEAR] points__life__friction__mid              mad=251.000 ssim=0.996979
[ ALLOWED_NEAR] points__life__matrixSeed__mid            mad=252.000 ssim=0.971554
[ ALLOWED_NEAR] points__life__maxRadius__mid             mad=248.000 ssim=0.986311
[ ALLOWED_NEAR] points__life__maxSpeed__mid              mad=252.000 ssim=0.763646
[ ALLOWED_NEAR] points__life__minRadius__mid             mad=251.000 ssim=0.981068
[ ALLOWED_NEAR] points__life__repulsionScale__mid        mad=250.000 ssim=0.965757
[ ALLOWED_NEAR] points__life__stateSize__plus1           mad=253.000 ssim=0.011363
[ ALLOWED_NEAR] points__life__symmetricForces__true      mad=250.000 ssim=0.946706
[ ALLOWED_NEAR] points__life__typeCount__mid             mad=247.000 ssim=0.989817
[ ALLOWED_NEAR] points__life__useTypeColor__true         mad=251.000 ssim=0.988544
[ ALLOWED_NEAR] points__physarum__decay__mid             mad=252.000 ssim=0.595219
[ ALLOWED_NEAR] points__physarum__deposit__mid           mad=252.000 ssim=0.632187
[ ALLOWED_NEAR] points__physarum__inputWeight__mid       mad=251.000 ssim=0.657645
[ ALLOWED_NEAR] points__physarum__moveSpeed__mid         mad=251.000 ssim=0.627666
[ ALLOWED_NEAR] points__physarum__sensorAngle__mid       mad=251.000 ssim=0.540090
[ ALLOWED_NEAR] points__physarum__sensorDistance__mid    mad=251.000 ssim=0.469784
[ ALLOWED_NEAR] points__physarum__turnSpeed__mid         mad=252.000 ssim=0.342515
[ ALLOWED_NEAR] points__physical__drag__mid              mad=156.000 ssim=0.999984
[ ALLOWED_NEAR] points__physical__wander__mid            mad=121.000 ssim=0.999991

=== SUMMARY ===
total compared: 84
  PASS: 17
  ALLOWED_NEAR: 67
wrote parity/out/psp/report-points.json
param-sweep pixel gate: FAIL (unmatched cases above; see per-group reports)
